../Core/Src/main.c:97:6:HAL_UART_RxCpltCallback	16	static
../Core/Src/main.c:111:5:main	16	static
../Core/Src/main.c:238:6:SystemClock_Config	88	static
../Core/Src/main.c:280:13:MX_ADC1_Init	24	static
../Core/Src/main.c:341:13:MX_TIM3_Init	48	static
../Core/Src/main.c:394:13:MX_USART1_UART_Init	8	static
../Core/Src/main.c:425:13:MX_DMA_Init	16	static
../Core/Src/main.c:450:13:MX_GPIO_Init	40	static
../Core/Src/main.c:476:9:MAP	24	static
../Core/Src/main.c:480:6:Stop	8	static
../Core/Src/main.c:491:6:MoveForward	8	static
../Core/Src/main.c:500:6:MoveBackword	8	static
../Core/Src/main.c:509:6:TurnRight	8	static
../Core/Src/main.c:518:6:TurnLeft	8	static
../Core/Src/main.c:532:6:Error_Handler	4	static,ignoring_inline_asm
